with_log
0.1387962
0.1292268

no_log
0.1480301
0.1386286


> print(rmse)
           [,1]      [,2]      [,3]
 [1,] 0.1259964 0.1170398 0.1259433
 [2,] 0.1374111 0.1244836 0.1302777
 [3,] 0.1525156 0.1343892 0.1394911
 [4,] 0.1484628 0.1242324 0.1250567
 [5,] 0.1148974 0.1024826 0.1053796
 [6,] 0.1509788 0.1231019 0.1260587
 [7,] 0.1375112 0.1209256 0.1162148
 [8,] 0.1247464 0.1119060 0.1148403
 [9,] 0.1534144 0.1253207 0.1239454
[10,] 0.1320527 0.1156211 0.1103563
> cat("\n Avg", colMeans(rmse), "\n" )

 Avg 0.1377987 0.1199503 0.1217564 



> print(rmse)
           [,1]      [,2]      [,3]
 [1,] 0.0000000 0.0000000 0.0000000
 [2,] 0.0000000 0.0000000 0.0000000
 [3,] 0.1524360 0.1347753 0.1395547
 [4,] 0.0000000 0.0000000 0.0000000
 [5,] 0.0000000 0.0000000 0.0000000
 [6,] 0.1499379 0.1236388 0.1255248
 [7,] 0.0000000 0.0000000 0.0000000
 [8,] 0.0000000 0.0000000 0.0000000
 [9,] 0.1537671 0.1256761 0.1241468
[10,] 0.0000000 0.0000000 0.0000000
> cat("\n Avg", colMeans(rmse), "\n" )

 Avg 0.04561409 0.03840902 0.03892263 



  r = handle_missing(train_data, test_data)
  r = Add_Variables(r$train_data, r$test_data)
  r = Remove_Variables(r$train_data, r$test_data)
  r = process_categorical(r$train_data, r$test_data)
  r = cate_to_numeric(r$train_data, r$test_data)
  #r = process_numeric(r$train_data, r$test_data)
  r = process_output(r$train_data, r$test_data)
  r$train_data = Winsorizing(r$train_data, "Sale_Price", 0.01)

> print(rmse)
           [,1]      [,2]      [,3]
 [1,] 0.0000000 0.0000000 0.0000000
 [2,] 0.0000000 0.0000000 0.0000000
 [3,] 0.1504135 0.1344642 0.1487234
 [4,] 0.0000000 0.0000000 0.0000000
 [5,] 0.0000000 0.0000000 0.0000000
 [6,] 0.1472351 0.1234554 0.1318170
 [7,] 0.0000000 0.0000000 0.0000000
 [8,] 0.0000000 0.0000000 0.0000000
 [9,] 0.1497886 0.1256268 0.1352925
[10,] 0.0000000 0.0000000 0.0000000
> cat("\n Avg", colMeans(rmse), "\n" )

 Avg 0.04474372 0.03835465 0.04158329 


  r = handle_missing(train_data, test_data)
  r = Add_Variables(r$train_data, r$test_data)
  r = Remove_Variables(r$train_data, r$test_data)
  r = process_categorical(r$train_data, r$test_data)
  r = cate_to_numeric(r$train_data, r$test_data)
  r = process_numeric(r$train_data, r$test_data)
  r = process_output(r$train_data, r$test_data)
  r$train_data = Winsorizing(r$train_data, "Sale_Price", 0.05)

           [,1]      [,2]      [,3]
 [1,] 0.0000000 0.0000000 0.0000000
 [2,] 0.0000000 0.0000000 0.0000000
 [3,] 0.1696964 0.1511904 0.1512268
 [4,] 0.0000000 0.0000000 0.0000000
 [5,] 0.0000000 0.0000000 0.0000000
 [6,] 0.1734871 0.1477481 0.1425854
 [7,] 0.0000000 0.0000000 0.0000000
 [8,] 0.0000000 0.0000000 0.0000000
 [9,] 0.1726598 0.1465719 0.1381183
[10,] 0.0000000 0.0000000 0.0000000

 Avg 0.05158432 0.04455104 0.04319305 


  r = handle_missing(train_data, test_data)
  r = Add_Variables(r$train_data, r$test_data)
  r = Remove_Variables(r$train_data, r$test_data)
  r = process_categorical(r$train_data, r$test_data)
  r = cate_to_numeric(r$train_data, r$test_data)
  r = process_numeric(r$train_data, r$test_data)
  r = process_output(r$train_data, r$test_data)
  r$train_data = Winsorizing2(r$train_data, "Sale_Price")
           [,1]      [,2]      [,3]
 [1,] 0.0000000 0.0000000 0.0000000
 [2,] 0.0000000 0.0000000 0.0000000
 [3,] 0.1509902 0.1335889 0.1386708
 [4,] 0.0000000 0.0000000 0.0000000
 [5,] 0.0000000 0.0000000 0.0000000
 [6,] 0.1476046 0.1222652 0.1246999
 [7,] 0.0000000 0.0000000 0.0000000
 [8,] 0.0000000 0.0000000 0.0000000
 [9,] 0.1506684 0.1232724 0.1219685
[10,] 0.0000000 0.0000000 0.0000000

 Avg 0.04492632 0.03791266 0.03853392 


  r = handle_missing(train_data, test_data)
  r = Add_Variables(r$train_data, r$test_data)
  r = Remove_Variables(r$train_data, r$test_data)
  r = process_categorical(r$train_data, r$test_data)
  r = cate_to_numeric(r$train_data, r$test_data)
  r = process_numeric(r$train_data, r$test_data)
  r = process_output(r$train_data, r$test_data)
  r$train_data = Winsorizing2(r$train_data, c("PIC", "Overall_Qual","Overall_Cond"))

           [,1]      [,2]      [,3]
 [1,] 0.0000000 0.0000000 0.0000000
 [2,] 0.0000000 0.0000000 0.0000000
 [3,] 0.1491931 0.1346984 0.2223775
 [4,] 0.0000000 0.0000000 0.0000000
 [5,] 0.0000000 0.0000000 0.0000000
 [6,] 0.1438568 0.1217897 0.2113396
 [7,] 0.0000000 0.0000000 0.0000000
 [8,] 0.0000000 0.0000000 0.0000000
 [9,] 0.1450070 0.1195299 0.1944409
[10,] 0.0000000 0.0000000 0.0000000

 Avg 0.04380569 0.0376018 0.0628158 


  r = handle_missing(train_data, test_data)
  r = Add_Variables(r$train_data, r$test_data)
  r = Remove_Variables(r$train_data, r$test_data)
  r = process_categorical(r$train_data, r$test_data)
  r = cate_to_numeric(r$train_data, r$test_data)
  r = process_numeric(r$train_data, r$test_data)
  r = process_output(r$train_data, r$test_data)
  r$train_data = Winsorizing2(r$train_data, c("PIC", "Overall_Qual","Overall_Cond",
                                              "Mas_Vnr_Area","BsmtFin_SF_2", "Second_Flr_SF",
                                              "Bedroom_AbvGr", "Kitchen_AbvGr", "Garage_Cars",
                                              "Wood_Deck_SF"))

           [,1]      [,2]      [,3]
 [1,] 0.0000000 0.0000000 0.0000000
 [2,] 0.0000000 0.0000000 0.0000000
 [3,] 0.1512735 0.1323465 0.1390600
 [4,] 0.0000000 0.0000000 0.0000000
 [5,] 0.0000000 0.0000000 0.0000000
 [6,] 0.1473029 0.1220658 0.1234899
 [7,] 0.0000000 0.0000000 0.0000000
 [8,] 0.0000000 0.0000000 0.0000000
 [9,] 0.1512214 0.1216508 0.1230874
[10,] 0.0000000 0.0000000 0.0000000

 Avg 0.04497979 0.03760631 0.03856372 


  r = handle_missing(train_data, test_data)
  r = Add_Variables(r$train_data, r$test_data)
  r = Remove_Variables(r$train_data, r$test_data)
  r = process_categorical(r$train_data, r$test_data)
  r = cate_to_numeric(r$train_data, r$test_data)
  r = process_numeric(r$train_data, r$test_data)
  r = process_output(r$train_data, r$test_data)
  # r$train_data = Winsorizing2(r$train_data, c("PIC", "Overall_Qual","Overall_Cond",
  #                                             "Mas_Vnr_Area","BsmtFin_SF_2", "Second_Flr_SF",
  #                                             "Bedroom_AbvGr", "Kitchen_AbvGr", "Garage_Cars",
  #                                             "Wood_Deck_SF"))
  

           [,1]      [,2]      [,3]
 [1,] 0.0000000 0.0000000 0.0000000
 [2,] 0.0000000 0.0000000 0.0000000
 [3,] 0.1484663 0.1326764 0.1387992
 [4,] 0.0000000 0.0000000 0.0000000
 [5,] 0.0000000 0.0000000 0.0000000
 [6,] 0.1427373 0.1206504 0.1223844
 [7,] 0.0000000 0.0000000 0.0000000
 [8,] 0.0000000 0.0000000 0.0000000
 [9,] 0.1450686 0.1217911 0.1196423
[10,] 0.0000000 0.0000000 0.0000000

 Avg 0.04362722 0.03751179 0.03808259 


<<<<<<<<<<<<<<<<All>>>>>>>>>>>>>>>>>>>

> print(rmse)
           [,1]      [,2]      [,3]
 [1,] 0.1231084 0.1217763 0.1275840
 [2,] 0.1340336 0.1243884 0.1300388
 [3,] 0.1491584 0.1331856 0.1387992
 [4,] 0.1431358 0.1213847 0.1219403
 [5,] 0.1118201 0.1018206 0.1063783
 [6,] 0.1424277 0.1206910 0.1223844
 [7,] 0.1273286 0.1135533 0.1130094
 [8,] 0.1187966 0.1118447 0.1132860
 [9,] 0.1423779 0.1200207 0.1196423
[10,] 0.1272203 0.1163694 0.1085909
> cat("\n Avg", colMeans(rmse), "\n" )

 Avg 0.1319407 0.1185035 0.1201654 


<<<<<<<<<<<<<<<<R 3.5.1>>>>>>>>>>>>>>>>>>
Undefined test categorical value: Kitchen_Qual 
0.1241226 	[1] 1839
0.1770763 	0.1276848 	
0.1360979 	[1] 3332
0.1588346 	0.1299134 	
0.1488681 	[1] 2293
0.1803395 	0.1387213 	
Undefined test categorical value: Functional 
0.1424995 	[1] 3970
0.1611664 	0.1221865 	
Undefined test categorical value: Kitchen_Qual 
0.1113372 	[1] 3667
0.1448845 	0.1062511 	
Undefined test categorical value: Functional 
0.1422868 	[1] 3684
0.1984797 	0.1225502 	
Undefined test categorical value: Kitchen_Qual 
0.125722 	[1] 4361
0.1853939 	0.1130198 	
0.1195219 	[1] 1614
0.179532 	0.113286 	
Undefined test categorical value: Exter_Cond 
Undefined test categorical value: Kitchen_Qual 
0.143808 	[1] 3674
0.186844 	0.1196462 	
0.1273711 	[1] 3914
0.1414191 	0.1092765 	
> print(rmse)
           [,1]      [,2]      [,3]
 [1,] 0.1241226 0.1770763 0.1276848
 [2,] 0.1360979 0.1588346 0.1299134
 [3,] 0.1488681 0.1803395 0.1387213
 [4,] 0.1424995 0.1611664 0.1221865
 [5,] 0.1113372 0.1448845 0.1062511
 [6,] 0.1422868 0.1984797 0.1225502
 [7,] 0.1257220 0.1853939 0.1130198
 [8,] 0.1195219 0.1795320 0.1132860
 [9,] 0.1438080 0.1868440 0.1196462
[10,] 0.1273711 0.1414191 0.1092765
> cat("\n Avg", colMeans(rmse), "\n" )

 Avg 0.1321635 0.171397 0.1202536 